src/presentation/controllers/AdminAuthController.ts(28,57): error TS2769: No overload matches this call.
  Overload 1 of 3, '(name: string, val: string, options: CookieOptions): Response<any, Record<string, any>>', gave the following error.
    Argument of type '{ httpOnly: boolean; secure: boolean; sameSite: "None" | "Lax"; path: string; maxAge: number; }' is not assignable to parameter of type 'CookieOptions'.
      Types of property 'sameSite' are incompatible.
        Type '"None" | "Lax"' is not assignable to type 'boolean | "strict" | "lax" | "none" | undefined'.
          Type '"None"' is not assignable to type 'boolean | "strict" | "lax" | "none" | undefined'. Did you mean '"none"'?
  Overload 2 of 3, '(name: string, val: any, options: CookieOptions): Response<any, Record<string, any>>', gave the following error.
    Argument of type '{ httpOnly: boolean; secure: boolean; sameSite: "None" | "Lax"; path: string; maxAge: number; }' is not assignable to parameter of type 'CookieOptions'.
      Types of property 'sameSite' are incompatible.
        Type '"None" | "Lax"' is not assignable to type 'boolean | "strict" | "lax" | "none" | undefined'.
          Type '"None"' is not assignable to type 'boolean | "strict" | "lax" | "none" | undefined'. Did you mean '"none"'?
src/presentation/controllers/AuthTokenController.ts(20,57): error TS2769: No overload matches this call.
  Overload 1 of 3, '(name: string, val: string, options: CookieOptions): Response<any, Record<string, any>>', gave the following error.
    Argument of type '{ httpOnly: boolean; secure: boolean; sameSite: "None" | "Lax"; path: string; maxAge: number; }' is not assignable to parameter of type 'CookieOptions'.
      Types of property 'sameSite' are incompatible.
        Type '"None" | "Lax"' is not assignable to type 'boolean | "strict" | "lax" | "none" | undefined'.
          Type '"None"' is not assignable to type 'boolean | "strict" | "lax" | "none" | undefined'. Did you mean '"none"'?
  Overload 2 of 3, '(name: string, val: any, options: CookieOptions): Response<any, Record<string, any>>', gave the following error.
    Argument of type '{ httpOnly: boolean; secure: boolean; sameSite: "None" | "Lax"; path: string; maxAge: number; }' is not assignable to parameter of type 'CookieOptions'.
      Types of property 'sameSite' are incompatible.
        Type '"None" | "Lax"' is not assignable to type 'boolean | "strict" | "lax" | "none" | undefined'.
          Type '"None"' is not assignable to type 'boolean | "strict" | "lax" | "none" | undefined'. Did you mean '"none"'?
src/presentation/controllers/CustomerAuthController.ts(84,57): error TS2769: No overload matches this call.
  Overload 1 of 3, '(name: string, val: string, options: CookieOptions): Response<any, Record<string, any>>', gave the following error.
    Argument of type '{ httpOnly: boolean; secure: boolean; sameSite: "None" | "Lax"; path: string; maxAge: number; }' is not assignable to parameter of type 'CookieOptions'.
      Types of property 'sameSite' are incompatible.
        Type '"None" | "Lax"' is not assignable to type 'boolean | "strict" | "lax" | "none" | undefined'.
          Type '"None"' is not assignable to type 'boolean | "strict" | "lax" | "none" | undefined'. Did you mean '"none"'?
  Overload 2 of 3, '(name: string, val: any, options: CookieOptions): Response<any, Record<string, any>>', gave the following error.
    Argument of type '{ httpOnly: boolean; secure: boolean; sameSite: "None" | "Lax"; path: string; maxAge: number; }' is not assignable to parameter of type 'CookieOptions'.
      Types of property 'sameSite' are incompatible.
        Type '"None" | "Lax"' is not assignable to type 'boolean | "strict" | "lax" | "none" | undefined'.
          Type '"None"' is not assignable to type 'boolean | "strict" | "lax" | "none" | undefined'. Did you mean '"none"'?
src/presentation/controllers/CustomerAuthController.ts(144,57): error TS2769: No overload matches this call.
  Overload 1 of 3, '(name: string, val: string, options: CookieOptions): Response<any, Record<string, any>>', gave the following error.
    Argument of type '{ httpOnly: boolean; secure: boolean; sameSite: "None" | "Lax"; path: string; maxAge: number; }' is not assignable to parameter of type 'CookieOptions'.
      Types of property 'sameSite' are incompatible.
        Type '"None" | "Lax"' is not assignable to type 'boolean | "strict" | "lax" | "none" | undefined'.
          Type '"None"' is not assignable to type 'boolean | "strict" | "lax" | "none" | undefined'. Did you mean '"none"'?
  Overload 2 of 3, '(name: string, val: any, options: CookieOptions): Response<any, Record<string, any>>', gave the following error.
    Argument of type '{ httpOnly: boolean; secure: boolean; sameSite: "None" | "Lax"; path: string; maxAge: number; }' is not assignable to parameter of type 'CookieOptions'.
      Types of property 'sameSite' are incompatible.
        Type '"None" | "Lax"' is not assignable to type 'boolean | "strict" | "lax" | "none" | undefined'.
          Type '"None"' is not assignable to type 'boolean | "strict" | "lax" | "none" | undefined'. Did you mean '"none"'?
src/presentation/controllers/CustomerAuthController.ts(274,57): error TS2769: No overload matches this call.
  Overload 1 of 3, '(name: string, val: string, options: CookieOptions): Response<any, Record<string, any>>', gave the following error.
    Argument of type '{ httpOnly: boolean; secure: boolean; sameSite: "None" | "Lax"; path: string; maxAge: number; }' is not assignable to parameter of type 'CookieOptions'.
      Types of property 'sameSite' are incompatible.
        Type '"None" | "Lax"' is not assignable to type 'boolean | "strict" | "lax" | "none" | undefined'.
          Type '"None"' is not assignable to type 'boolean | "strict" | "lax" | "none" | undefined'. Did you mean '"none"'?
  Overload 2 of 3, '(name: string, val: any, options: CookieOptions): Response<any, Record<string, any>>', gave the following error.
    Argument of type '{ httpOnly: boolean; secure: boolean; sameSite: "None" | "Lax"; path: string; maxAge: number; }' is not assignable to parameter of type 'CookieOptions'.
      Types of property 'sameSite' are incompatible.
        Type '"None" | "Lax"' is not assignable to type 'boolean | "strict" | "lax" | "none" | undefined'.
          Type '"None"' is not assignable to type 'boolean | "strict" | "lax" | "none" | undefined'. Did you mean '"none"'?
src/presentation/controllers/CustomerAuthController.ts(329,55): error TS2769: No overload matches this call.
  Overload 1 of 3, '(name: string, val: string, options: CookieOptions): Response<any, Record<string, any>>', gave the following error.
    Argument of type '{ httpOnly: boolean; secure: boolean; sameSite: "None" | "Lax"; path: string; maxAge: number; }' is not assignable to parameter of type 'CookieOptions'.
      Types of property 'sameSite' are incompatible.
        Type '"None" | "Lax"' is not assignable to type 'boolean | "strict" | "lax" | "none" | undefined'.
          Type '"None"' is not assignable to type 'boolean | "strict" | "lax" | "none" | undefined'. Did you mean '"none"'?
  Overload 2 of 3, '(name: string, val: any, options: CookieOptions): Response<any, Record<string, any>>', gave the following error.
    Argument of type '{ httpOnly: boolean; secure: boolean; sameSite: "None" | "Lax"; path: string; maxAge: number; }' is not assignable to parameter of type 'CookieOptions'.
      Types of property 'sameSite' are incompatible.
        Type '"None" | "Lax"' is not assignable to type 'boolean | "strict" | "lax" | "none" | undefined'.
          Type '"None"' is not assignable to type 'boolean | "strict" | "lax" | "none" | undefined'. Did you mean '"none"'?
src/presentation/controllers/CustomerAuthController.ts(362,37): error TS2345: Argument of type '{ httpOnly: boolean; secure: boolean; sameSite: "None" | "Lax"; path: string; maxAge: number; }' is not assignable to parameter of type 'CookieOptions'.
  Types of property 'sameSite' are incompatible.
    Type '"None" | "Lax"' is not assignable to type 'boolean | "strict" | "lax" | "none" | undefined'.
      Type '"None"' is not assignable to type 'boolean | "strict" | "lax" | "none" | undefined'. Did you mean '"none"'?
